// Jest Snapshot v1, https://goo.gl/fbAQLP

exports[`should render corectly 1`] = `
<div
  className="sc-jSMfEi jVlKoF"
>
  <div
    className="sc-gKXOVf lawOGm"
  >
    <div
      className="sc-ftvSup jdIqOh"
    >
      <div
        className="sc-iBkjds ljzrWh"
      >
        Name
      </div>
      <input
        className="sc-bczRLJ"
        onChange={[Function]}
      />
    </div>
    <div
      className="sc-ftvSup jdIqOh"
    >
      <div
        className="sc-iBkjds ljzrWh"
      >
        Sobrenome
      </div>
      <input
        className="sc-bczRLJ"
        onChange={[Function]}
      />
    </div>
    <div
      className="sc-ftvSup jdIqOh"
    >
      <div
        className="sc-iBkjds ljzrWh"
      >
        E-mail
      </div>
      <input
        className="sc-bczRLJ"
        onChange={[Function]}
      />
    </div>
    <div
      className="sc-ftvSup jdIqOh"
    >
      <div
        className="sc-iBkjds ljzrWh"
      >
        Estado
      </div>
      <input
        className="sc-bczRLJ"
        onChange={[Function]}
      />
    </div>
    <div
      className="sc-ftvSup jdIqOh"
    >
      <div
        className="sc-iBkjds ljzrWh"
      >
        Observacao
      </div>
      <input
        className="sc-bczRLJ"
        onChange={[Function]}
      />
    </div>
    <div
      className="sc-papXJ kyCLiB"
    >
      <button
        className="sc-gsnTZi jXDvbx"
      >
        Limpar
      </button>
      <button
        className="sc-gsnTZi kUqLNt"
        href="abrir-modal"
        onClick={[Function]}
      >
        Enviar
      </button>
    </div>
  </div>
</div>
`;
